--------------------------------------------------------------------------------------
Timing Analyzer Summary
--------------------------------------------------------------------------------------

Type           : Worst-case tsu
Slack          : N/A
Required Time  : None
Actual Time    : 8.411 ns
From           : A[0]
To             : parallel_reg:ACC|D_FF:\F:6:DFF|q
From Clock     : --
To Clock       : clk
Failed Paths   : 0

Type           : Worst-case tco
Slack          : N/A
Required Time  : None
Actual Time    : 11.408 ns
From           : parallel_reg:ACC|D_FF:\F:3:DFF|q
To             : COUT
From Clock     : clk
To Clock       : --
Failed Paths   : 0

Type           : Worst-case tpd
Slack          : N/A
Required Time  : None
Actual Time    : 14.942 ns
From           : A[0]
To             : COUT
From Clock     : --
To Clock       : --
Failed Paths   : 0

Type           : Worst-case th
Slack          : N/A
Required Time  : None
Actual Time    : 0.049 ns
From           : A[11]
To             : parallel_reg:ACC|D_FF:\F:11:DFF|q
From Clock     : --
To Clock       : clk
Failed Paths   : 0

Type           : Clock Setup: 'clk'
Slack          : N/A
Required Time  : None
Actual Time    : 205.04 MHz ( period = 4.877 ns )
From           : parallel_reg:ACC|D_FF:\F:3:DFF|q
To             : parallel_reg:ACC|D_FF:\F:6:DFF|q
From Clock     : clk
To Clock       : clk
Failed Paths   : 0

Type           : Total number of failed paths
Slack          : 
Required Time  : 
Actual Time    : 
From           : 
To             : 
From Clock     : 
To Clock       : 
Failed Paths   : 0

--------------------------------------------------------------------------------------

