Simulator report for micropr_cpu
Mon Jan 25 18:25:14 2016
Quartus II 64-Bit Version 7.2 Build 151 09/26/2007 SJ Full Version


---------------------
; Table of Contents ;
---------------------
  1. Legal Notice
  2. Simulator Summary
  3. Simulator Settings
  4. Simulation Waveforms
  5. |micropr_cpu|memory:external_mem|altsyncram:altsyncram_component|altsyncram_6j41:auto_generated|ALTSYNCRAM
  6. |micropr_cpu|mseq:microsequencer|microcode_memory:MICROCODE_MEM|altsyncram:altsyncram_component|altsyncram_l381:auto_generated|ALTSYNCRAM
  7. Coverage Summary
  8. Complete 1/0-Value Coverage
  9. Missing 1-Value Coverage
 10. Missing 0-Value Coverage
 11. Simulator INI Usage
 12. Simulator Messages



----------------
; Legal Notice ;
----------------
Copyright (C) 1991-2007 Altera Corporation
Your use of Altera Corporation's design tools, logic functions 
and other software and tools, and its AMPP partner logic 
functions, and any output files from any of the foregoing 
(including device programming or simulation files), and any 
associated documentation or information are expressly subject 
to the terms and conditions of the Altera Program License 
Subscription Agreement, Altera MegaCore Function License 
Agreement, or other applicable license agreement, including, 
without limitation, that your use is for the sole purpose of 
programming logic devices manufactured by Altera and sold by 
Altera or its authorized distributors.  Please refer to the 
applicable agreement for further details.



+--------------------------------------------+
; Simulator Summary                          ;
+-----------------------------+--------------+
; Type                        ; Value        ;
+-----------------------------+--------------+
; Simulation Start Time       ; 0 ps         ;
; Simulation End Time         ; 400.0 ns     ;
; Simulation Netlist Size     ; 241 nodes    ;
; Simulation Coverage         ;      78.84 % ;
; Total Number of Transitions ; 2500         ;
; Simulation Breakpoints      ; 0            ;
; Family                      ; Cyclone II   ;
+-----------------------------+--------------+


+------------------------------------------------------------------------------------------------------------------------------+
; Simulator Settings                                                                                                           ;
+--------------------------------------------------------------------------------------------+-----------------+---------------+
; Option                                                                                     ; Setting         ; Default Value ;
+--------------------------------------------------------------------------------------------+-----------------+---------------+
; Simulation mode                                                                            ; Functional      ; Timing        ;
; Start time                                                                                 ; 0 ns            ; 0 ns          ;
; Simulation results format                                                                  ; CVWF            ;               ;
; Vector input source                                                                        ; micropr_cpu.vwf ;               ;
; Add pins automatically to simulation output waveforms                                      ; On              ; On            ;
; Check outputs                                                                              ; Off             ; Off           ;
; Report simulation coverage                                                                 ; On              ; On            ;
; Display complete 1/0 value coverage report                                                 ; On              ; On            ;
; Display missing 1-value coverage report                                                    ; On              ; On            ;
; Display missing 0-value coverage report                                                    ; On              ; On            ;
; Detect setup and hold time violations                                                      ; Off             ; Off           ;
; Detect glitches                                                                            ; Off             ; Off           ;
; Disable timing delays in Timing Simulation                                                 ; Off             ; Off           ;
; Generate Signal Activity File                                                              ; Off             ; Off           ;
; Generate VCD File for PowerPlay Power Analyzer                                             ; Off             ; Off           ;
; Group bus channels in simulation results                                                   ; Off             ; Off           ;
; Preserve fewer signal transitions to reduce memory requirements                            ; On              ; On            ;
; Trigger vector comparison with the specified mode                                          ; INPUT_EDGE      ; INPUT_EDGE    ;
; Disable setup and hold time violations detection in input registers of bi-directional pins ; Off             ; Off           ;
; Overwrite Waveform Inputs With Simulation Outputs                                          ; Off             ;               ;
; Perform Glitch Filtering in Timing Simulation                                              ; Auto            ; Auto          ;
+--------------------------------------------------------------------------------------------+-----------------+---------------+


+----------------------+
; Simulation Waveforms ;
+----------------------+
Waveform report data cannot be output to ASCII.
Please use Quartus II 64-Bit to view the waveform report data.


+------------------------------------------------------------------------------------------------------------+
; |micropr_cpu|memory:external_mem|altsyncram:altsyncram_component|altsyncram_6j41:auto_generated|ALTSYNCRAM ;
+------------------------------------------------------------------------------------------------------------+
Memory report data cannot be output to ASCII.
Please use Quartus II 64-Bit to view the memory report data.


+-------------------------------------------------------------------------------------------------------------------------------------------+
; |micropr_cpu|mseq:microsequencer|microcode_memory:MICROCODE_MEM|altsyncram:altsyncram_component|altsyncram_l381:auto_generated|ALTSYNCRAM ;
+-------------------------------------------------------------------------------------------------------------------------------------------+
Memory report data cannot be output to ASCII.
Please use Quartus II 64-Bit to view the memory report data.


+--------------------------------------------------------------------+
; Coverage Summary                                                   ;
+-----------------------------------------------------+--------------+
; Type                                                ; Value        ;
+-----------------------------------------------------+--------------+
; Total coverage as a percentage                      ;      78.84 % ;
; Total nodes checked                                 ; 241          ;
; Total output ports checked                          ; 241          ;
; Total output ports with complete 1/0-value coverage ; 190          ;
; Total output ports with no 1/0-value coverage       ; 41           ;
; Total output ports with no 1-value coverage         ; 47           ;
; Total output ports with no 0-value coverage         ; 45           ;
+-----------------------------------------------------+--------------+


The following table displays output ports that toggle between 1 and 0 during simulation.
+----------------------------------------------------------------------------------------------------------------------------------------------------------------------------------------------------------------------------------------------------------------------------------------------------------+
; Complete 1/0-Value Coverage                                                                                                                                                                                                                                                                              ;
+----------------------------------------------------------------------------------------------------------------------------------------------+----------------------------------------------------------------------------------------------------------------------------------------+------------------+
; Node Name                                                                                                                                    ; Output Port Name                                                                                                                       ; Output Port Type ;
+----------------------------------------------------------------------------------------------------------------------------------------------+----------------------------------------------------------------------------------------------------------------------------------------+------------------+
; |micropr_cpu|clock                                                                                                                           ; |micropr_cpu|clock                                                                                                                     ; out              ;
; |micropr_cpu|ARout[0]                                                                                                                        ; |micropr_cpu|ARout[0]                                                                                                                  ; pin_out          ;
; |micropr_cpu|ARout[1]                                                                                                                        ; |micropr_cpu|ARout[1]                                                                                                                  ; pin_out          ;
; |micropr_cpu|ARout[2]                                                                                                                        ; |micropr_cpu|ARout[2]                                                                                                                  ; pin_out          ;
; |micropr_cpu|PCout[0]                                                                                                                        ; |micropr_cpu|PCout[0]                                                                                                                  ; pin_out          ;
; |micropr_cpu|PCout[1]                                                                                                                        ; |micropr_cpu|PCout[1]                                                                                                                  ; pin_out          ;
; |micropr_cpu|PCout[2]                                                                                                                        ; |micropr_cpu|PCout[2]                                                                                                                  ; pin_out          ;
; |micropr_cpu|DRout[0]                                                                                                                        ; |micropr_cpu|DRout[0]                                                                                                                  ; pin_out          ;
; |micropr_cpu|DRout[1]                                                                                                                        ; |micropr_cpu|DRout[1]                                                                                                                  ; pin_out          ;
; |micropr_cpu|DRout[2]                                                                                                                        ; |micropr_cpu|DRout[2]                                                                                                                  ; pin_out          ;
; |micropr_cpu|DRout[3]                                                                                                                        ; |micropr_cpu|DRout[3]                                                                                                                  ; pin_out          ;
; |micropr_cpu|DRout[4]                                                                                                                        ; |micropr_cpu|DRout[4]                                                                                                                  ; pin_out          ;
; |micropr_cpu|DRout[5]                                                                                                                        ; |micropr_cpu|DRout[5]                                                                                                                  ; pin_out          ;
; |micropr_cpu|DRout[6]                                                                                                                        ; |micropr_cpu|DRout[6]                                                                                                                  ; pin_out          ;
; |micropr_cpu|DRout[7]                                                                                                                        ; |micropr_cpu|DRout[7]                                                                                                                  ; pin_out          ;
; |micropr_cpu|ACout[0]                                                                                                                        ; |micropr_cpu|ACout[0]                                                                                                                  ; pin_out          ;
; |micropr_cpu|ACout[1]                                                                                                                        ; |micropr_cpu|ACout[1]                                                                                                                  ; pin_out          ;
; |micropr_cpu|ACout[2]                                                                                                                        ; |micropr_cpu|ACout[2]                                                                                                                  ; pin_out          ;
; |micropr_cpu|ACout[5]                                                                                                                        ; |micropr_cpu|ACout[5]                                                                                                                  ; pin_out          ;
; |micropr_cpu|ACout[6]                                                                                                                        ; |micropr_cpu|ACout[6]                                                                                                                  ; pin_out          ;
; |micropr_cpu|IRout[0]                                                                                                                        ; |micropr_cpu|IRout[0]                                                                                                                  ; pin_out          ;
; |micropr_cpu|IRout[1]                                                                                                                        ; |micropr_cpu|IRout[1]                                                                                                                  ; pin_out          ;
; |micropr_cpu|dataBus[0]                                                                                                                      ; |micropr_cpu|dataBus[0]                                                                                                                ; pin_out          ;
; |micropr_cpu|dataBus[1]                                                                                                                      ; |micropr_cpu|dataBus[1]                                                                                                                ; pin_out          ;
; |micropr_cpu|dataBus[2]                                                                                                                      ; |micropr_cpu|dataBus[2]                                                                                                                ; pin_out          ;
; |micropr_cpu|dataBus[3]                                                                                                                      ; |micropr_cpu|dataBus[3]                                                                                                                ; pin_out          ;
; |micropr_cpu|dataBus[4]                                                                                                                      ; |micropr_cpu|dataBus[4]                                                                                                                ; pin_out          ;
; |micropr_cpu|dataBus[5]                                                                                                                      ; |micropr_cpu|dataBus[5]                                                                                                                ; pin_out          ;
; |micropr_cpu|dataBus[6]                                                                                                                      ; |micropr_cpu|dataBus[6]                                                                                                                ; pin_out          ;
; |micropr_cpu|dataBus[7]                                                                                                                      ; |micropr_cpu|dataBus[7]                                                                                                                ; pin_out          ;
; |micropr_cpu|moP[0]                                                                                                                          ; |micropr_cpu|moP[0]                                                                                                                    ; pin_out          ;
; |micropr_cpu|moP[1]                                                                                                                          ; |micropr_cpu|moP[1]                                                                                                                    ; pin_out          ;
; |micropr_cpu|moP[2]                                                                                                                          ; |micropr_cpu|moP[2]                                                                                                                    ; pin_out          ;
; |micropr_cpu|moP[3]                                                                                                                          ; |micropr_cpu|moP[3]                                                                                                                    ; pin_out          ;
; |micropr_cpu|moP[4]                                                                                                                          ; |micropr_cpu|moP[4]                                                                                                                    ; pin_out          ;
; |micropr_cpu|moP[5]                                                                                                                          ; |micropr_cpu|moP[5]                                                                                                                    ; pin_out          ;
; |micropr_cpu|moP[6]                                                                                                                          ; |micropr_cpu|moP[6]                                                                                                                    ; pin_out          ;
; |micropr_cpu|moP[7]                                                                                                                          ; |micropr_cpu|moP[7]                                                                                                                    ; pin_out          ;
; |micropr_cpu|moP[8]                                                                                                                          ; |micropr_cpu|moP[8]                                                                                                                    ; pin_out          ;
; |micropr_cpu|moP[9]                                                                                                                          ; |micropr_cpu|moP[9]                                                                                                                    ; pin_out          ;
; |micropr_cpu|moP[10]                                                                                                                         ; |micropr_cpu|moP[10]                                                                                                                   ; pin_out          ;
; |micropr_cpu|memory:external_mem|altsyncram:altsyncram_component|altsyncram_6j41:auto_generated|ram_block1a0                                 ; |micropr_cpu|memory:external_mem|altsyncram:altsyncram_component|altsyncram_6j41:auto_generated|q_a[0]                                 ; portadataout0    ;
; |micropr_cpu|memory:external_mem|altsyncram:altsyncram_component|altsyncram_6j41:auto_generated|ram_block1a1                                 ; |micropr_cpu|memory:external_mem|altsyncram:altsyncram_component|altsyncram_6j41:auto_generated|q_a[1]                                 ; portadataout0    ;
; |micropr_cpu|memory:external_mem|altsyncram:altsyncram_component|altsyncram_6j41:auto_generated|ram_block1a2                                 ; |micropr_cpu|memory:external_mem|altsyncram:altsyncram_component|altsyncram_6j41:auto_generated|q_a[2]                                 ; portadataout0    ;
; |micropr_cpu|memory:external_mem|altsyncram:altsyncram_component|altsyncram_6j41:auto_generated|ram_block1a3                                 ; |micropr_cpu|memory:external_mem|altsyncram:altsyncram_component|altsyncram_6j41:auto_generated|q_a[3]                                 ; portadataout0    ;
; |micropr_cpu|memory:external_mem|altsyncram:altsyncram_component|altsyncram_6j41:auto_generated|ram_block1a4                                 ; |micropr_cpu|memory:external_mem|altsyncram:altsyncram_component|altsyncram_6j41:auto_generated|q_a[4]                                 ; portadataout0    ;
; |micropr_cpu|memory:external_mem|altsyncram:altsyncram_component|altsyncram_6j41:auto_generated|ram_block1a5                                 ; |micropr_cpu|memory:external_mem|altsyncram:altsyncram_component|altsyncram_6j41:auto_generated|q_a[5]                                 ; portadataout0    ;
; |micropr_cpu|memory:external_mem|altsyncram:altsyncram_component|altsyncram_6j41:auto_generated|ram_block1a6                                 ; |micropr_cpu|memory:external_mem|altsyncram:altsyncram_component|altsyncram_6j41:auto_generated|q_a[6]                                 ; portadataout0    ;
; |micropr_cpu|memory:external_mem|altsyncram:altsyncram_component|altsyncram_6j41:auto_generated|ram_block1a7                                 ; |micropr_cpu|memory:external_mem|altsyncram:altsyncram_component|altsyncram_6j41:auto_generated|q_a[7]                                 ; portadataout0    ;
; |micropr_cpu|ALU:ALU_box|S_AND[0]                                                                                                            ; |micropr_cpu|ALU:ALU_box|S_AND[0]                                                                                                      ; out0             ;
; |micropr_cpu|ALU:ALU_box|S_AND[1]                                                                                                            ; |micropr_cpu|ALU:ALU_box|S_AND[1]                                                                                                      ; out0             ;
; |micropr_cpu|ALU:ALU_box|S_AND[2]                                                                                                            ; |micropr_cpu|ALU:ALU_box|S_AND[2]                                                                                                      ; out0             ;
; |micropr_cpu|ALU:ALU_box|S_AND[3]                                                                                                            ; |micropr_cpu|ALU:ALU_box|S_AND[3]                                                                                                      ; out0             ;
; |micropr_cpu|ALU:ALU_box|S_AND[5]                                                                                                            ; |micropr_cpu|ALU:ALU_box|S_AND[5]                                                                                                      ; out0             ;
; |micropr_cpu|ALU:ALU_box|S_AND[6]                                                                                                            ; |micropr_cpu|ALU:ALU_box|S_AND[6]                                                                                                      ; out0             ;
; |micropr_cpu|ALU:ALU_box|mux2to_ena:ACTION_CHOOSE|Mux_out[7]                                                                                 ; |micropr_cpu|ALU:ALU_box|mux2to_ena:ACTION_CHOOSE|Mux_out[7]                                                                           ; out              ;
; |micropr_cpu|ALU:ALU_box|mux2to_ena:ACTION_CHOOSE|Mux_out[6]                                                                                 ; |micropr_cpu|ALU:ALU_box|mux2to_ena:ACTION_CHOOSE|Mux_out[6]                                                                           ; out              ;
; |micropr_cpu|ALU:ALU_box|mux2to_ena:ACTION_CHOOSE|Mux_out[5]                                                                                 ; |micropr_cpu|ALU:ALU_box|mux2to_ena:ACTION_CHOOSE|Mux_out[5]                                                                           ; out              ;
; |micropr_cpu|ALU:ALU_box|mux2to_ena:ACTION_CHOOSE|Mux_out[4]                                                                                 ; |micropr_cpu|ALU:ALU_box|mux2to_ena:ACTION_CHOOSE|Mux_out[4]                                                                           ; out              ;
; |micropr_cpu|ALU:ALU_box|mux2to_ena:ACTION_CHOOSE|Mux_out[3]                                                                                 ; |micropr_cpu|ALU:ALU_box|mux2to_ena:ACTION_CHOOSE|Mux_out[3]                                                                           ; out              ;
; |micropr_cpu|ALU:ALU_box|mux2to_ena:ACTION_CHOOSE|Mux_out[2]                                                                                 ; |micropr_cpu|ALU:ALU_box|mux2to_ena:ACTION_CHOOSE|Mux_out[2]                                                                           ; out              ;
; |micropr_cpu|ALU:ALU_box|mux2to_ena:ACTION_CHOOSE|Mux_out[1]                                                                                 ; |micropr_cpu|ALU:ALU_box|mux2to_ena:ACTION_CHOOSE|Mux_out[1]                                                                           ; out              ;
; |micropr_cpu|ALU:ALU_box|mux2to_ena:ACTION_CHOOSE|Mux_out[0]                                                                                 ; |micropr_cpu|ALU:ALU_box|mux2to_ena:ACTION_CHOOSE|Mux_out[0]                                                                           ; out              ;
; |micropr_cpu|ALU:ALU_box|adder_t:ADD_ACTION|fa_1bit:\G:0:FA|sum~0                                                                            ; |micropr_cpu|ALU:ALU_box|adder_t:ADD_ACTION|fa_1bit:\G:0:FA|sum~0                                                                      ; out0             ;
; |micropr_cpu|ALU:ALU_box|adder_t:ADD_ACTION|fa_1bit:\G:0:FA|cout~1                                                                           ; |micropr_cpu|ALU:ALU_box|adder_t:ADD_ACTION|fa_1bit:\G:0:FA|cout~1                                                                     ; out0             ;
; |micropr_cpu|ALU:ALU_box|adder_t:ADD_ACTION|fa_1bit:\G:1:FA|sum~0                                                                            ; |micropr_cpu|ALU:ALU_box|adder_t:ADD_ACTION|fa_1bit:\G:1:FA|sum~0                                                                      ; out0             ;
; |micropr_cpu|ALU:ALU_box|adder_t:ADD_ACTION|fa_1bit:\G:1:FA|sum                                                                              ; |micropr_cpu|ALU:ALU_box|adder_t:ADD_ACTION|fa_1bit:\G:1:FA|sum                                                                        ; out0             ;
; |micropr_cpu|ALU:ALU_box|adder_t:ADD_ACTION|fa_1bit:\G:1:FA|cout~0                                                                           ; |micropr_cpu|ALU:ALU_box|adder_t:ADD_ACTION|fa_1bit:\G:1:FA|cout~0                                                                     ; out0             ;
; |micropr_cpu|ALU:ALU_box|adder_t:ADD_ACTION|fa_1bit:\G:1:FA|cout~1                                                                           ; |micropr_cpu|ALU:ALU_box|adder_t:ADD_ACTION|fa_1bit:\G:1:FA|cout~1                                                                     ; out0             ;
; |micropr_cpu|ALU:ALU_box|adder_t:ADD_ACTION|fa_1bit:\G:1:FA|cout                                                                             ; |micropr_cpu|ALU:ALU_box|adder_t:ADD_ACTION|fa_1bit:\G:1:FA|cout                                                                       ; out0             ;
; |micropr_cpu|ALU:ALU_box|adder_t:ADD_ACTION|fa_1bit:\G:2:FA|sum~0                                                                            ; |micropr_cpu|ALU:ALU_box|adder_t:ADD_ACTION|fa_1bit:\G:2:FA|sum~0                                                                      ; out0             ;
; |micropr_cpu|ALU:ALU_box|adder_t:ADD_ACTION|fa_1bit:\G:2:FA|sum                                                                              ; |micropr_cpu|ALU:ALU_box|adder_t:ADD_ACTION|fa_1bit:\G:2:FA|sum                                                                        ; out0             ;
; |micropr_cpu|ALU:ALU_box|adder_t:ADD_ACTION|fa_1bit:\G:2:FA|cout~0                                                                           ; |micropr_cpu|ALU:ALU_box|adder_t:ADD_ACTION|fa_1bit:\G:2:FA|cout~0                                                                     ; out0             ;
; |micropr_cpu|ALU:ALU_box|adder_t:ADD_ACTION|fa_1bit:\G:2:FA|cout~1                                                                           ; |micropr_cpu|ALU:ALU_box|adder_t:ADD_ACTION|fa_1bit:\G:2:FA|cout~1                                                                     ; out0             ;
; |micropr_cpu|ALU:ALU_box|adder_t:ADD_ACTION|fa_1bit:\G:2:FA|cout                                                                             ; |micropr_cpu|ALU:ALU_box|adder_t:ADD_ACTION|fa_1bit:\G:2:FA|cout                                                                       ; out0             ;
; |micropr_cpu|ALU:ALU_box|adder_t:ADD_ACTION|fa_1bit:\G:3:FA|sum~0                                                                            ; |micropr_cpu|ALU:ALU_box|adder_t:ADD_ACTION|fa_1bit:\G:3:FA|sum~0                                                                      ; out0             ;
; |micropr_cpu|ALU:ALU_box|adder_t:ADD_ACTION|fa_1bit:\G:3:FA|sum                                                                              ; |micropr_cpu|ALU:ALU_box|adder_t:ADD_ACTION|fa_1bit:\G:3:FA|sum                                                                        ; out0             ;
; |micropr_cpu|ALU:ALU_box|adder_t:ADD_ACTION|fa_1bit:\G:3:FA|cout~0                                                                           ; |micropr_cpu|ALU:ALU_box|adder_t:ADD_ACTION|fa_1bit:\G:3:FA|cout~0                                                                     ; out0             ;
; |micropr_cpu|ALU:ALU_box|adder_t:ADD_ACTION|fa_1bit:\G:3:FA|cout~1                                                                           ; |micropr_cpu|ALU:ALU_box|adder_t:ADD_ACTION|fa_1bit:\G:3:FA|cout~1                                                                     ; out0             ;
; |micropr_cpu|ALU:ALU_box|adder_t:ADD_ACTION|fa_1bit:\G:3:FA|cout                                                                             ; |micropr_cpu|ALU:ALU_box|adder_t:ADD_ACTION|fa_1bit:\G:3:FA|cout                                                                       ; out0             ;
; |micropr_cpu|ALU:ALU_box|adder_t:ADD_ACTION|fa_1bit:\G:4:FA|sum~0                                                                            ; |micropr_cpu|ALU:ALU_box|adder_t:ADD_ACTION|fa_1bit:\G:4:FA|sum~0                                                                      ; out0             ;
; |micropr_cpu|ALU:ALU_box|adder_t:ADD_ACTION|fa_1bit:\G:4:FA|sum                                                                              ; |micropr_cpu|ALU:ALU_box|adder_t:ADD_ACTION|fa_1bit:\G:4:FA|sum                                                                        ; out0             ;
; |micropr_cpu|ALU:ALU_box|adder_t:ADD_ACTION|fa_1bit:\G:4:FA|cout~0                                                                           ; |micropr_cpu|ALU:ALU_box|adder_t:ADD_ACTION|fa_1bit:\G:4:FA|cout~0                                                                     ; out0             ;
; |micropr_cpu|ALU:ALU_box|adder_t:ADD_ACTION|fa_1bit:\G:4:FA|cout                                                                             ; |micropr_cpu|ALU:ALU_box|adder_t:ADD_ACTION|fa_1bit:\G:4:FA|cout                                                                       ; out0             ;
; |micropr_cpu|ALU:ALU_box|adder_t:ADD_ACTION|fa_1bit:\G:5:FA|sum~0                                                                            ; |micropr_cpu|ALU:ALU_box|adder_t:ADD_ACTION|fa_1bit:\G:5:FA|sum~0                                                                      ; out0             ;
; |micropr_cpu|ALU:ALU_box|adder_t:ADD_ACTION|fa_1bit:\G:5:FA|sum                                                                              ; |micropr_cpu|ALU:ALU_box|adder_t:ADD_ACTION|fa_1bit:\G:5:FA|sum                                                                        ; out0             ;
; |micropr_cpu|ALU:ALU_box|adder_t:ADD_ACTION|fa_1bit:\G:5:FA|cout~0                                                                           ; |micropr_cpu|ALU:ALU_box|adder_t:ADD_ACTION|fa_1bit:\G:5:FA|cout~0                                                                     ; out0             ;
; |micropr_cpu|ALU:ALU_box|adder_t:ADD_ACTION|fa_1bit:\G:5:FA|cout~1                                                                           ; |micropr_cpu|ALU:ALU_box|adder_t:ADD_ACTION|fa_1bit:\G:5:FA|cout~1                                                                     ; out0             ;
; |micropr_cpu|ALU:ALU_box|adder_t:ADD_ACTION|fa_1bit:\G:5:FA|cout                                                                             ; |micropr_cpu|ALU:ALU_box|adder_t:ADD_ACTION|fa_1bit:\G:5:FA|cout                                                                       ; out0             ;
; |micropr_cpu|ALU:ALU_box|adder_t:ADD_ACTION|fa_1bit:\G:6:FA|sum~0                                                                            ; |micropr_cpu|ALU:ALU_box|adder_t:ADD_ACTION|fa_1bit:\G:6:FA|sum~0                                                                      ; out0             ;
; |micropr_cpu|ALU:ALU_box|adder_t:ADD_ACTION|fa_1bit:\G:6:FA|sum                                                                              ; |micropr_cpu|ALU:ALU_box|adder_t:ADD_ACTION|fa_1bit:\G:6:FA|sum                                                                        ; out0             ;
; |micropr_cpu|ALU:ALU_box|adder_t:ADD_ACTION|fa_1bit:\G:6:FA|cout~0                                                                           ; |micropr_cpu|ALU:ALU_box|adder_t:ADD_ACTION|fa_1bit:\G:6:FA|cout~0                                                                     ; out0             ;
; |micropr_cpu|ALU:ALU_box|adder_t:ADD_ACTION|fa_1bit:\G:6:FA|cout~1                                                                           ; |micropr_cpu|ALU:ALU_box|adder_t:ADD_ACTION|fa_1bit:\G:6:FA|cout~1                                                                     ; out0             ;
; |micropr_cpu|ALU:ALU_box|adder_t:ADD_ACTION|fa_1bit:\G:6:FA|cout                                                                             ; |micropr_cpu|ALU:ALU_box|adder_t:ADD_ACTION|fa_1bit:\G:6:FA|cout                                                                       ; out0             ;
; |micropr_cpu|ALU:ALU_box|adder_t:ADD_ACTION|fa_1bit:\G:7:FA|sum~0                                                                            ; |micropr_cpu|ALU:ALU_box|adder_t:ADD_ACTION|fa_1bit:\G:7:FA|sum~0                                                                      ; out0             ;
; |micropr_cpu|ALU:ALU_box|adder_t:ADD_ACTION|fa_1bit:\G:7:FA|sum                                                                              ; |micropr_cpu|ALU:ALU_box|adder_t:ADD_ACTION|fa_1bit:\G:7:FA|sum                                                                        ; out0             ;
; |micropr_cpu|paral_reg:IR|Q[0]                                                                                                               ; |micropr_cpu|paral_reg:IR|Q[0]                                                                                                         ; regout           ;
; |micropr_cpu|paral_reg:IR|Q[1]                                                                                                               ; |micropr_cpu|paral_reg:IR|Q[1]                                                                                                         ; regout           ;
; |micropr_cpu|inc_reg:AC|Q~0                                                                                                                  ; |micropr_cpu|inc_reg:AC|Q~0                                                                                                            ; out              ;
; |micropr_cpu|inc_reg:AC|Q~2                                                                                                                  ; |micropr_cpu|inc_reg:AC|Q~2                                                                                                            ; out              ;
; |micropr_cpu|inc_reg:AC|Q~3                                                                                                                  ; |micropr_cpu|inc_reg:AC|Q~3                                                                                                            ; out              ;
; |micropr_cpu|inc_reg:AC|Q~6                                                                                                                  ; |micropr_cpu|inc_reg:AC|Q~6                                                                                                            ; out              ;
; |micropr_cpu|inc_reg:AC|Q~7                                                                                                                  ; |micropr_cpu|inc_reg:AC|Q~7                                                                                                            ; out              ;
; |micropr_cpu|inc_reg:AC|Q~8                                                                                                                  ; |micropr_cpu|inc_reg:AC|Q~8                                                                                                            ; out              ;
; |micropr_cpu|inc_reg:AC|Q[0]                                                                                                                 ; |micropr_cpu|inc_reg:AC|Q[0]                                                                                                           ; regout           ;
; |micropr_cpu|inc_reg:AC|Q[6]                                                                                                                 ; |micropr_cpu|inc_reg:AC|Q[6]                                                                                                           ; regout           ;
; |micropr_cpu|inc_reg:AC|Q[5]                                                                                                                 ; |micropr_cpu|inc_reg:AC|Q[5]                                                                                                           ; regout           ;
; |micropr_cpu|inc_reg:AC|Q[2]                                                                                                                 ; |micropr_cpu|inc_reg:AC|Q[2]                                                                                                           ; regout           ;
; |micropr_cpu|inc_reg:AC|Q[1]                                                                                                                 ; |micropr_cpu|inc_reg:AC|Q[1]                                                                                                           ; regout           ;
; |micropr_cpu|inc_reg:AC|Q~9                                                                                                                  ; |micropr_cpu|inc_reg:AC|Q~9                                                                                                            ; out              ;
; |micropr_cpu|inc_reg:AC|Q~10                                                                                                                 ; |micropr_cpu|inc_reg:AC|Q~10                                                                                                           ; out              ;
; |micropr_cpu|inc_reg:AC|Q~11                                                                                                                 ; |micropr_cpu|inc_reg:AC|Q~11                                                                                                           ; out              ;
; |micropr_cpu|inc_reg:AC|Q~12                                                                                                                 ; |micropr_cpu|inc_reg:AC|Q~12                                                                                                           ; out              ;
; |micropr_cpu|inc_reg:AC|Q~13                                                                                                                 ; |micropr_cpu|inc_reg:AC|Q~13                                                                                                           ; out              ;
; |micropr_cpu|inc_reg:AC|Q~14                                                                                                                 ; |micropr_cpu|inc_reg:AC|Q~14                                                                                                           ; out              ;
; |micropr_cpu|inc_reg:AC|Q~15                                                                                                                 ; |micropr_cpu|inc_reg:AC|Q~15                                                                                                           ; out              ;
; |micropr_cpu|paral_reg:DR|Q[0]                                                                                                               ; |micropr_cpu|paral_reg:DR|Q[0]                                                                                                         ; regout           ;
; |micropr_cpu|paral_reg:DR|Q[7]                                                                                                               ; |micropr_cpu|paral_reg:DR|Q[7]                                                                                                         ; regout           ;
; |micropr_cpu|paral_reg:DR|Q[6]                                                                                                               ; |micropr_cpu|paral_reg:DR|Q[6]                                                                                                         ; regout           ;
; |micropr_cpu|paral_reg:DR|Q[5]                                                                                                               ; |micropr_cpu|paral_reg:DR|Q[5]                                                                                                         ; regout           ;
; |micropr_cpu|paral_reg:DR|Q[4]                                                                                                               ; |micropr_cpu|paral_reg:DR|Q[4]                                                                                                         ; regout           ;
; |micropr_cpu|paral_reg:DR|Q[3]                                                                                                               ; |micropr_cpu|paral_reg:DR|Q[3]                                                                                                         ; regout           ;
; |micropr_cpu|paral_reg:DR|Q[2]                                                                                                               ; |micropr_cpu|paral_reg:DR|Q[2]                                                                                                         ; regout           ;
; |micropr_cpu|paral_reg:DR|Q[1]                                                                                                               ; |micropr_cpu|paral_reg:DR|Q[1]                                                                                                         ; regout           ;
; |micropr_cpu|inc_reg:PC|Q~4                                                                                                                  ; |micropr_cpu|inc_reg:PC|Q~4                                                                                                            ; out              ;
; |micropr_cpu|inc_reg:PC|Q~5                                                                                                                  ; |micropr_cpu|inc_reg:PC|Q~5                                                                                                            ; out              ;
; |micropr_cpu|inc_reg:PC|Q~6                                                                                                                  ; |micropr_cpu|inc_reg:PC|Q~6                                                                                                            ; out              ;
; |micropr_cpu|inc_reg:PC|Q[0]                                                                                                                 ; |micropr_cpu|inc_reg:PC|Q[0]                                                                                                           ; regout           ;
; |micropr_cpu|inc_reg:PC|Q[2]                                                                                                                 ; |micropr_cpu|inc_reg:PC|Q[2]                                                                                                           ; regout           ;
; |micropr_cpu|inc_reg:PC|Q[1]                                                                                                                 ; |micropr_cpu|inc_reg:PC|Q[1]                                                                                                           ; regout           ;
; |micropr_cpu|inc_reg:PC|Q~9                                                                                                                  ; |micropr_cpu|inc_reg:PC|Q~9                                                                                                            ; out              ;
; |micropr_cpu|inc_reg:PC|Q~10                                                                                                                 ; |micropr_cpu|inc_reg:PC|Q~10                                                                                                           ; out              ;
; |micropr_cpu|inc_reg:PC|Q~11                                                                                                                 ; |micropr_cpu|inc_reg:PC|Q~11                                                                                                           ; out              ;
; |micropr_cpu|paral_reg:AR|Q[0]                                                                                                               ; |micropr_cpu|paral_reg:AR|Q[0]                                                                                                         ; regout           ;
; |micropr_cpu|paral_reg:AR|Q[2]                                                                                                               ; |micropr_cpu|paral_reg:AR|Q[2]                                                                                                         ; regout           ;
; |micropr_cpu|paral_reg:AR|Q[1]                                                                                                               ; |micropr_cpu|paral_reg:AR|Q[1]                                                                                                         ; regout           ;
; |micropr_cpu|data_bus:Dbus|databus[0]~0                                                                                                      ; |micropr_cpu|data_bus:Dbus|databus[0]~0                                                                                                ; out              ;
; |micropr_cpu|data_bus:Dbus|databus[1]~1                                                                                                      ; |micropr_cpu|data_bus:Dbus|databus[1]~1                                                                                                ; out              ;
; |micropr_cpu|data_bus:Dbus|databus[0]~8                                                                                                      ; |micropr_cpu|data_bus:Dbus|databus[0]~8                                                                                                ; out              ;
; |micropr_cpu|data_bus:Dbus|databus[1]~9                                                                                                      ; |micropr_cpu|data_bus:Dbus|databus[1]~9                                                                                                ; out              ;
; |micropr_cpu|data_bus:Dbus|databus[2]~10                                                                                                     ; |micropr_cpu|data_bus:Dbus|databus[2]~10                                                                                               ; out              ;
; |micropr_cpu|data_bus:Dbus|databus[3]~11                                                                                                     ; |micropr_cpu|data_bus:Dbus|databus[3]~11                                                                                               ; out              ;
; |micropr_cpu|data_bus:Dbus|databus[4]~12                                                                                                     ; |micropr_cpu|data_bus:Dbus|databus[4]~12                                                                                               ; out              ;
; |micropr_cpu|data_bus:Dbus|databus[5]~13                                                                                                     ; |micropr_cpu|data_bus:Dbus|databus[5]~13                                                                                               ; out              ;
; |micropr_cpu|data_bus:Dbus|databus[6]~14                                                                                                     ; |micropr_cpu|data_bus:Dbus|databus[6]~14                                                                                               ; out              ;
; |micropr_cpu|data_bus:Dbus|databus[7]~15                                                                                                     ; |micropr_cpu|data_bus:Dbus|databus[7]~15                                                                                               ; out              ;
; |micropr_cpu|data_bus:Dbus|databus[0]~16                                                                                                     ; |micropr_cpu|data_bus:Dbus|databus[0]~16                                                                                               ; out              ;
; |micropr_cpu|data_bus:Dbus|databus[1]~17                                                                                                     ; |micropr_cpu|data_bus:Dbus|databus[1]~17                                                                                               ; out              ;
; |micropr_cpu|data_bus:Dbus|databus[2]~18                                                                                                     ; |micropr_cpu|data_bus:Dbus|databus[2]~18                                                                                               ; out              ;
; |micropr_cpu|data_bus:Dbus|databus[3]~19                                                                                                     ; |micropr_cpu|data_bus:Dbus|databus[3]~19                                                                                               ; out              ;
; |micropr_cpu|data_bus:Dbus|databus[4]~20                                                                                                     ; |micropr_cpu|data_bus:Dbus|databus[4]~20                                                                                               ; out              ;
; |micropr_cpu|data_bus:Dbus|databus[5]~21                                                                                                     ; |micropr_cpu|data_bus:Dbus|databus[5]~21                                                                                               ; out              ;
; |micropr_cpu|data_bus:Dbus|databus[6]~22                                                                                                     ; |micropr_cpu|data_bus:Dbus|databus[6]~22                                                                                               ; out              ;
; |micropr_cpu|data_bus:Dbus|databus[7]~23                                                                                                     ; |micropr_cpu|data_bus:Dbus|databus[7]~23                                                                                               ; out              ;
; |micropr_cpu|data_bus:Dbus|databus[7]                                                                                                        ; |micropr_cpu|data_bus:Dbus|databus[7]                                                                                                  ; out0             ;
; |micropr_cpu|data_bus:Dbus|databus[6]                                                                                                        ; |micropr_cpu|data_bus:Dbus|databus[6]                                                                                                  ; out0             ;
; |micropr_cpu|data_bus:Dbus|databus[5]                                                                                                        ; |micropr_cpu|data_bus:Dbus|databus[5]                                                                                                  ; out0             ;
; |micropr_cpu|data_bus:Dbus|databus[4]                                                                                                        ; |micropr_cpu|data_bus:Dbus|databus[4]                                                                                                  ; out0             ;
; |micropr_cpu|data_bus:Dbus|databus[3]                                                                                                        ; |micropr_cpu|data_bus:Dbus|databus[3]                                                                                                  ; out0             ;
; |micropr_cpu|data_bus:Dbus|databus[2]                                                                                                        ; |micropr_cpu|data_bus:Dbus|databus[2]                                                                                                  ; out0             ;
; |micropr_cpu|data_bus:Dbus|databus[1]                                                                                                        ; |micropr_cpu|data_bus:Dbus|databus[1]                                                                                                  ; out0             ;
; |micropr_cpu|data_bus:Dbus|databus[0]                                                                                                        ; |micropr_cpu|data_bus:Dbus|databus[0]                                                                                                  ; out0             ;
; |micropr_cpu|mseq:microsequencer|microcode_memory:MICROCODE_MEM|altsyncram:altsyncram_component|altsyncram_l381:auto_generated|ram_block1a0  ; |micropr_cpu|mseq:microsequencer|microcode_memory:MICROCODE_MEM|altsyncram:altsyncram_component|altsyncram_l381:auto_generated|q_a[0]  ; portadataout0    ;
; |micropr_cpu|mseq:microsequencer|microcode_memory:MICROCODE_MEM|altsyncram:altsyncram_component|altsyncram_l381:auto_generated|ram_block1a1  ; |micropr_cpu|mseq:microsequencer|microcode_memory:MICROCODE_MEM|altsyncram:altsyncram_component|altsyncram_l381:auto_generated|q_a[1]  ; portadataout0    ;
; |micropr_cpu|mseq:microsequencer|microcode_memory:MICROCODE_MEM|altsyncram:altsyncram_component|altsyncram_l381:auto_generated|ram_block1a3  ; |micropr_cpu|mseq:microsequencer|microcode_memory:MICROCODE_MEM|altsyncram:altsyncram_component|altsyncram_l381:auto_generated|q_a[3]  ; portadataout0    ;
; |micropr_cpu|mseq:microsequencer|microcode_memory:MICROCODE_MEM|altsyncram:altsyncram_component|altsyncram_l381:auto_generated|ram_block1a4  ; |micropr_cpu|mseq:microsequencer|microcode_memory:MICROCODE_MEM|altsyncram:altsyncram_component|altsyncram_l381:auto_generated|q_a[4]  ; portadataout0    ;
; |micropr_cpu|mseq:microsequencer|microcode_memory:MICROCODE_MEM|altsyncram:altsyncram_component|altsyncram_l381:auto_generated|ram_block1a5  ; |micropr_cpu|mseq:microsequencer|microcode_memory:MICROCODE_MEM|altsyncram:altsyncram_component|altsyncram_l381:auto_generated|q_a[5]  ; portadataout0    ;
; |micropr_cpu|mseq:microsequencer|microcode_memory:MICROCODE_MEM|altsyncram:altsyncram_component|altsyncram_l381:auto_generated|ram_block1a6  ; |micropr_cpu|mseq:microsequencer|microcode_memory:MICROCODE_MEM|altsyncram:altsyncram_component|altsyncram_l381:auto_generated|q_a[6]  ; portadataout0    ;
; |micropr_cpu|mseq:microsequencer|microcode_memory:MICROCODE_MEM|altsyncram:altsyncram_component|altsyncram_l381:auto_generated|ram_block1a7  ; |micropr_cpu|mseq:microsequencer|microcode_memory:MICROCODE_MEM|altsyncram:altsyncram_component|altsyncram_l381:auto_generated|q_a[7]  ; portadataout0    ;
; |micropr_cpu|mseq:microsequencer|microcode_memory:MICROCODE_MEM|altsyncram:altsyncram_component|altsyncram_l381:auto_generated|ram_block1a8  ; |micropr_cpu|mseq:microsequencer|microcode_memory:MICROCODE_MEM|altsyncram:altsyncram_component|altsyncram_l381:auto_generated|q_a[8]  ; portadataout0    ;
; |micropr_cpu|mseq:microsequencer|microcode_memory:MICROCODE_MEM|altsyncram:altsyncram_component|altsyncram_l381:auto_generated|ram_block1a9  ; |micropr_cpu|mseq:microsequencer|microcode_memory:MICROCODE_MEM|altsyncram:altsyncram_component|altsyncram_l381:auto_generated|q_a[9]  ; portadataout0    ;
; |micropr_cpu|mseq:microsequencer|microcode_memory:MICROCODE_MEM|altsyncram:altsyncram_component|altsyncram_l381:auto_generated|ram_block1a10 ; |micropr_cpu|mseq:microsequencer|microcode_memory:MICROCODE_MEM|altsyncram:altsyncram_component|altsyncram_l381:auto_generated|q_a[10] ; portadataout0    ;
; |micropr_cpu|mseq:microsequencer|microcode_memory:MICROCODE_MEM|altsyncram:altsyncram_component|altsyncram_l381:auto_generated|ram_block1a11 ; |micropr_cpu|mseq:microsequencer|microcode_memory:MICROCODE_MEM|altsyncram:altsyncram_component|altsyncram_l381:auto_generated|q_a[11] ; portadataout0    ;
; |micropr_cpu|mseq:microsequencer|microcode_memory:MICROCODE_MEM|altsyncram:altsyncram_component|altsyncram_l381:auto_generated|ram_block1a12 ; |micropr_cpu|mseq:microsequencer|microcode_memory:MICROCODE_MEM|altsyncram:altsyncram_component|altsyncram_l381:auto_generated|q_a[12] ; portadataout0    ;
; |micropr_cpu|mseq:microsequencer|microcode_memory:MICROCODE_MEM|altsyncram:altsyncram_component|altsyncram_l381:auto_generated|ram_block1a13 ; |micropr_cpu|mseq:microsequencer|microcode_memory:MICROCODE_MEM|altsyncram:altsyncram_component|altsyncram_l381:auto_generated|q_a[13] ; portadataout0    ;
; |micropr_cpu|mseq:microsequencer|microcode_memory:MICROCODE_MEM|altsyncram:altsyncram_component|altsyncram_l381:auto_generated|ram_block1a14 ; |micropr_cpu|mseq:microsequencer|microcode_memory:MICROCODE_MEM|altsyncram:altsyncram_component|altsyncram_l381:auto_generated|q_a[14] ; portadataout0    ;
; |micropr_cpu|mseq:microsequencer|microcode_memory:MICROCODE_MEM|altsyncram:altsyncram_component|altsyncram_l381:auto_generated|ram_block1a15 ; |micropr_cpu|mseq:microsequencer|microcode_memory:MICROCODE_MEM|altsyncram:altsyncram_component|altsyncram_l381:auto_generated|q_a[15] ; portadataout0    ;
; |micropr_cpu|mseq:microsequencer|mux2to_ena:MUX_4BIT|Mux_out[3]                                                                              ; |micropr_cpu|mseq:microsequencer|mux2to_ena:MUX_4BIT|Mux_out[3]                                                                        ; out              ;
; |micropr_cpu|mseq:microsequencer|mux2to_ena:MUX_4BIT|Mux_out[2]                                                                              ; |micropr_cpu|mseq:microsequencer|mux2to_ena:MUX_4BIT|Mux_out[2]                                                                        ; out              ;
; |micropr_cpu|mseq:microsequencer|mux2to_ena:MUX_4BIT|Mux_out[1]                                                                              ; |micropr_cpu|mseq:microsequencer|mux2to_ena:MUX_4BIT|Mux_out[1]                                                                        ; out              ;
; |micropr_cpu|mseq:microsequencer|mux2to_ena:MUX_4BIT|Mux_out[0]                                                                              ; |micropr_cpu|mseq:microsequencer|mux2to_ena:MUX_4BIT|Mux_out[0]                                                                        ; out              ;
; |micropr_cpu|inc_reg:AC|Add0~41                                                                                                              ; |micropr_cpu|inc_reg:AC|Add0~41                                                                                                        ; out0             ;
; |micropr_cpu|inc_reg:AC|Add0~42                                                                                                              ; |micropr_cpu|inc_reg:AC|Add0~42                                                                                                        ; out0             ;
; |micropr_cpu|inc_reg:AC|Add0~43                                                                                                              ; |micropr_cpu|inc_reg:AC|Add0~43                                                                                                        ; out0             ;
; |micropr_cpu|inc_reg:AC|Add0~44                                                                                                              ; |micropr_cpu|inc_reg:AC|Add0~44                                                                                                        ; out0             ;
; |micropr_cpu|inc_reg:AC|Add0~48                                                                                                              ; |micropr_cpu|inc_reg:AC|Add0~48                                                                                                        ; out0             ;
; |micropr_cpu|inc_reg:AC|Add0~50                                                                                                              ; |micropr_cpu|inc_reg:AC|Add0~50                                                                                                        ; out0             ;
; |micropr_cpu|inc_reg:PC|Add0~30                                                                                                              ; |micropr_cpu|inc_reg:PC|Add0~30                                                                                                        ; out0             ;
; |micropr_cpu|inc_reg:PC|Add0~31                                                                                                              ; |micropr_cpu|inc_reg:PC|Add0~31                                                                                                        ; out0             ;
; |micropr_cpu|inc_reg:PC|Add0~32                                                                                                              ; |micropr_cpu|inc_reg:PC|Add0~32                                                                                                        ; out0             ;
+----------------------------------------------------------------------------------------------------------------------------------------------+----------------------------------------------------------------------------------------------------------------------------------------+------------------+


The following table displays output ports that do not toggle to 1 during simulation.
+--------------------------------------------------------------------------------------------------------------------------------------------------------------------------------------------------------------------------------------------------------------------------------------------------------+
; Missing 1-Value Coverage                                                                                                                                                                                                                                                                               ;
+---------------------------------------------------------------------------------------------------------------------------------------------+---------------------------------------------------------------------------------------------------------------------------------------+------------------+
; Node Name                                                                                                                                   ; Output Port Name                                                                                                                      ; Output Port Type ;
+---------------------------------------------------------------------------------------------------------------------------------------------+---------------------------------------------------------------------------------------------------------------------------------------+------------------+
; |micropr_cpu|reset                                                                                                                          ; |micropr_cpu|reset                                                                                                                    ; out              ;
; |micropr_cpu|ARout[3]                                                                                                                       ; |micropr_cpu|ARout[3]                                                                                                                 ; pin_out          ;
; |micropr_cpu|ARout[4]                                                                                                                       ; |micropr_cpu|ARout[4]                                                                                                                 ; pin_out          ;
; |micropr_cpu|ARout[5]                                                                                                                       ; |micropr_cpu|ARout[5]                                                                                                                 ; pin_out          ;
; |micropr_cpu|PCout[3]                                                                                                                       ; |micropr_cpu|PCout[3]                                                                                                                 ; pin_out          ;
; |micropr_cpu|PCout[4]                                                                                                                       ; |micropr_cpu|PCout[4]                                                                                                                 ; pin_out          ;
; |micropr_cpu|PCout[5]                                                                                                                       ; |micropr_cpu|PCout[5]                                                                                                                 ; pin_out          ;
; |micropr_cpu|ACout[4]                                                                                                                       ; |micropr_cpu|ACout[4]                                                                                                                 ; pin_out          ;
; |micropr_cpu|ACout[7]                                                                                                                       ; |micropr_cpu|ACout[7]                                                                                                                 ; pin_out          ;
; |micropr_cpu|ALU:ALU_box|S_AND[4]                                                                                                           ; |micropr_cpu|ALU:ALU_box|S_AND[4]                                                                                                     ; out0             ;
; |micropr_cpu|ALU:ALU_box|S_AND[7]                                                                                                           ; |micropr_cpu|ALU:ALU_box|S_AND[7]                                                                                                     ; out0             ;
; |micropr_cpu|ALU:ALU_box|adder_t:ADD_ACTION|fa_1bit:\G:4:FA|cout~1                                                                          ; |micropr_cpu|ALU:ALU_box|adder_t:ADD_ACTION|fa_1bit:\G:4:FA|cout~1                                                                    ; out0             ;
; |micropr_cpu|inc_reg:AC|Q~1                                                                                                                 ; |micropr_cpu|inc_reg:AC|Q~1                                                                                                           ; out              ;
; |micropr_cpu|inc_reg:AC|Q~4                                                                                                                 ; |micropr_cpu|inc_reg:AC|Q~4                                                                                                           ; out              ;
; |micropr_cpu|inc_reg:AC|Q[7]                                                                                                                ; |micropr_cpu|inc_reg:AC|Q[7]                                                                                                          ; regout           ;
; |micropr_cpu|inc_reg:AC|Q[4]                                                                                                                ; |micropr_cpu|inc_reg:AC|Q[4]                                                                                                          ; regout           ;
; |micropr_cpu|inc_reg:PC|Q~0                                                                                                                 ; |micropr_cpu|inc_reg:PC|Q~0                                                                                                           ; out              ;
; |micropr_cpu|inc_reg:PC|Q~1                                                                                                                 ; |micropr_cpu|inc_reg:PC|Q~1                                                                                                           ; out              ;
; |micropr_cpu|inc_reg:PC|Q~2                                                                                                                 ; |micropr_cpu|inc_reg:PC|Q~2                                                                                                           ; out              ;
; |micropr_cpu|inc_reg:PC|Q~3                                                                                                                 ; |micropr_cpu|inc_reg:PC|Q~3                                                                                                           ; out              ;
; |micropr_cpu|inc_reg:PC|Q[5]                                                                                                                ; |micropr_cpu|inc_reg:PC|Q[5]                                                                                                          ; regout           ;
; |micropr_cpu|inc_reg:PC|Q[4]                                                                                                                ; |micropr_cpu|inc_reg:PC|Q[4]                                                                                                          ; regout           ;
; |micropr_cpu|inc_reg:PC|Q[3]                                                                                                                ; |micropr_cpu|inc_reg:PC|Q[3]                                                                                                          ; regout           ;
; |micropr_cpu|inc_reg:PC|Q~7                                                                                                                 ; |micropr_cpu|inc_reg:PC|Q~7                                                                                                           ; out              ;
; |micropr_cpu|inc_reg:PC|Q~8                                                                                                                 ; |micropr_cpu|inc_reg:PC|Q~8                                                                                                           ; out              ;
; |micropr_cpu|paral_reg:AR|Q[5]                                                                                                              ; |micropr_cpu|paral_reg:AR|Q[5]                                                                                                        ; regout           ;
; |micropr_cpu|paral_reg:AR|Q[4]                                                                                                              ; |micropr_cpu|paral_reg:AR|Q[4]                                                                                                        ; regout           ;
; |micropr_cpu|paral_reg:AR|Q[3]                                                                                                              ; |micropr_cpu|paral_reg:AR|Q[3]                                                                                                        ; regout           ;
; |micropr_cpu|data_bus:Dbus|databus[2]~2                                                                                                     ; |micropr_cpu|data_bus:Dbus|databus[2]~2                                                                                               ; out              ;
; |micropr_cpu|data_bus:Dbus|databus[3]~3                                                                                                     ; |micropr_cpu|data_bus:Dbus|databus[3]~3                                                                                               ; out              ;
; |micropr_cpu|data_bus:Dbus|databus[4]~4                                                                                                     ; |micropr_cpu|data_bus:Dbus|databus[4]~4                                                                                               ; out              ;
; |micropr_cpu|data_bus:Dbus|databus[5]~5                                                                                                     ; |micropr_cpu|data_bus:Dbus|databus[5]~5                                                                                               ; out              ;
; |micropr_cpu|data_bus:Dbus|databus[6]~6                                                                                                     ; |micropr_cpu|data_bus:Dbus|databus[6]~6                                                                                               ; out              ;
; |micropr_cpu|data_bus:Dbus|databus[7]~7                                                                                                     ; |micropr_cpu|data_bus:Dbus|databus[7]~7                                                                                               ; out              ;
; |micropr_cpu|mseq:microsequencer|microcode_memory:MICROCODE_MEM|altsyncram:altsyncram_component|altsyncram_l381:auto_generated|ram_block1a2 ; |micropr_cpu|mseq:microsequencer|microcode_memory:MICROCODE_MEM|altsyncram:altsyncram_component|altsyncram_l381:auto_generated|q_a[2] ; portadataout0    ;
; |micropr_cpu|inc_reg:AC|Add0~45                                                                                                             ; |micropr_cpu|inc_reg:AC|Add0~45                                                                                                       ; out0             ;
; |micropr_cpu|inc_reg:AC|Add0~46                                                                                                             ; |micropr_cpu|inc_reg:AC|Add0~46                                                                                                       ; out0             ;
; |micropr_cpu|inc_reg:AC|Add0~47                                                                                                             ; |micropr_cpu|inc_reg:AC|Add0~47                                                                                                       ; out0             ;
; |micropr_cpu|inc_reg:AC|Add0~49                                                                                                             ; |micropr_cpu|inc_reg:AC|Add0~49                                                                                                       ; out0             ;
; |micropr_cpu|inc_reg:AC|Add0~51                                                                                                             ; |micropr_cpu|inc_reg:AC|Add0~51                                                                                                       ; out0             ;
; |micropr_cpu|inc_reg:AC|Add0~52                                                                                                             ; |micropr_cpu|inc_reg:AC|Add0~52                                                                                                       ; out0             ;
; |micropr_cpu|inc_reg:PC|Add0~33                                                                                                             ; |micropr_cpu|inc_reg:PC|Add0~33                                                                                                       ; out0             ;
; |micropr_cpu|inc_reg:PC|Add0~34                                                                                                             ; |micropr_cpu|inc_reg:PC|Add0~34                                                                                                       ; out0             ;
; |micropr_cpu|inc_reg:PC|Add0~35                                                                                                             ; |micropr_cpu|inc_reg:PC|Add0~35                                                                                                       ; out0             ;
; |micropr_cpu|inc_reg:PC|Add0~36                                                                                                             ; |micropr_cpu|inc_reg:PC|Add0~36                                                                                                       ; out0             ;
; |micropr_cpu|inc_reg:PC|Add0~37                                                                                                             ; |micropr_cpu|inc_reg:PC|Add0~37                                                                                                       ; out0             ;
; |micropr_cpu|inc_reg:PC|Add0~38                                                                                                             ; |micropr_cpu|inc_reg:PC|Add0~38                                                                                                       ; out0             ;
+---------------------------------------------------------------------------------------------------------------------------------------------+---------------------------------------------------------------------------------------------------------------------------------------+------------------+


The following table displays output ports that do not toggle to 0 during simulation.
+--------------------------------------------------------------------------------------------------------------------------------------------------------------------------------------------------------------------------------------------------------------------------------------------------------+
; Missing 0-Value Coverage                                                                                                                                                                                                                                                                               ;
+---------------------------------------------------------------------------------------------------------------------------------------------+---------------------------------------------------------------------------------------------------------------------------------------+------------------+
; Node Name                                                                                                                                   ; Output Port Name                                                                                                                      ; Output Port Type ;
+---------------------------------------------------------------------------------------------------------------------------------------------+---------------------------------------------------------------------------------------------------------------------------------------+------------------+
; |micropr_cpu|reset                                                                                                                          ; |micropr_cpu|reset                                                                                                                    ; out              ;
; |micropr_cpu|ARout[3]                                                                                                                       ; |micropr_cpu|ARout[3]                                                                                                                 ; pin_out          ;
; |micropr_cpu|ARout[4]                                                                                                                       ; |micropr_cpu|ARout[4]                                                                                                                 ; pin_out          ;
; |micropr_cpu|ARout[5]                                                                                                                       ; |micropr_cpu|ARout[5]                                                                                                                 ; pin_out          ;
; |micropr_cpu|PCout[3]                                                                                                                       ; |micropr_cpu|PCout[3]                                                                                                                 ; pin_out          ;
; |micropr_cpu|PCout[4]                                                                                                                       ; |micropr_cpu|PCout[4]                                                                                                                 ; pin_out          ;
; |micropr_cpu|PCout[5]                                                                                                                       ; |micropr_cpu|PCout[5]                                                                                                                 ; pin_out          ;
; |micropr_cpu|ACout[3]                                                                                                                       ; |micropr_cpu|ACout[3]                                                                                                                 ; pin_out          ;
; |micropr_cpu|ACout[4]                                                                                                                       ; |micropr_cpu|ACout[4]                                                                                                                 ; pin_out          ;
; |micropr_cpu|ACout[7]                                                                                                                       ; |micropr_cpu|ACout[7]                                                                                                                 ; pin_out          ;
; |micropr_cpu|ALU:ALU_box|S_AND[4]                                                                                                           ; |micropr_cpu|ALU:ALU_box|S_AND[4]                                                                                                     ; out0             ;
; |micropr_cpu|ALU:ALU_box|S_AND[7]                                                                                                           ; |micropr_cpu|ALU:ALU_box|S_AND[7]                                                                                                     ; out0             ;
; |micropr_cpu|ALU:ALU_box|adder_t:ADD_ACTION|fa_1bit:\G:4:FA|cout~1                                                                          ; |micropr_cpu|ALU:ALU_box|adder_t:ADD_ACTION|fa_1bit:\G:4:FA|cout~1                                                                    ; out0             ;
; |micropr_cpu|inc_reg:AC|Q~1                                                                                                                 ; |micropr_cpu|inc_reg:AC|Q~1                                                                                                           ; out              ;
; |micropr_cpu|inc_reg:AC|Q~4                                                                                                                 ; |micropr_cpu|inc_reg:AC|Q~4                                                                                                           ; out              ;
; |micropr_cpu|inc_reg:AC|Q~5                                                                                                                 ; |micropr_cpu|inc_reg:AC|Q~5                                                                                                           ; out              ;
; |micropr_cpu|inc_reg:AC|Q[7]                                                                                                                ; |micropr_cpu|inc_reg:AC|Q[7]                                                                                                          ; regout           ;
; |micropr_cpu|inc_reg:AC|Q[4]                                                                                                                ; |micropr_cpu|inc_reg:AC|Q[4]                                                                                                          ; regout           ;
; |micropr_cpu|inc_reg:AC|Q[3]                                                                                                                ; |micropr_cpu|inc_reg:AC|Q[3]                                                                                                          ; regout           ;
; |micropr_cpu|inc_reg:PC|Q~0                                                                                                                 ; |micropr_cpu|inc_reg:PC|Q~0                                                                                                           ; out              ;
; |micropr_cpu|inc_reg:PC|Q~1                                                                                                                 ; |micropr_cpu|inc_reg:PC|Q~1                                                                                                           ; out              ;
; |micropr_cpu|inc_reg:PC|Q~2                                                                                                                 ; |micropr_cpu|inc_reg:PC|Q~2                                                                                                           ; out              ;
; |micropr_cpu|inc_reg:PC|Q~3                                                                                                                 ; |micropr_cpu|inc_reg:PC|Q~3                                                                                                           ; out              ;
; |micropr_cpu|inc_reg:PC|Q[5]                                                                                                                ; |micropr_cpu|inc_reg:PC|Q[5]                                                                                                          ; regout           ;
; |micropr_cpu|inc_reg:PC|Q[4]                                                                                                                ; |micropr_cpu|inc_reg:PC|Q[4]                                                                                                          ; regout           ;
; |micropr_cpu|inc_reg:PC|Q[3]                                                                                                                ; |micropr_cpu|inc_reg:PC|Q[3]                                                                                                          ; regout           ;
; |micropr_cpu|inc_reg:PC|Q~7                                                                                                                 ; |micropr_cpu|inc_reg:PC|Q~7                                                                                                           ; out              ;
; |micropr_cpu|inc_reg:PC|Q~8                                                                                                                 ; |micropr_cpu|inc_reg:PC|Q~8                                                                                                           ; out              ;
; |micropr_cpu|paral_reg:AR|Q[5]                                                                                                              ; |micropr_cpu|paral_reg:AR|Q[5]                                                                                                        ; regout           ;
; |micropr_cpu|paral_reg:AR|Q[4]                                                                                                              ; |micropr_cpu|paral_reg:AR|Q[4]                                                                                                        ; regout           ;
; |micropr_cpu|paral_reg:AR|Q[3]                                                                                                              ; |micropr_cpu|paral_reg:AR|Q[3]                                                                                                        ; regout           ;
; |micropr_cpu|mseq:microsequencer|microcode_memory:MICROCODE_MEM|altsyncram:altsyncram_component|altsyncram_l381:auto_generated|ram_block1a2 ; |micropr_cpu|mseq:microsequencer|microcode_memory:MICROCODE_MEM|altsyncram:altsyncram_component|altsyncram_l381:auto_generated|q_a[2] ; portadataout0    ;
; |micropr_cpu|inc_reg:AC|Add0~40                                                                                                             ; |micropr_cpu|inc_reg:AC|Add0~40                                                                                                       ; out0             ;
; |micropr_cpu|inc_reg:AC|Add0~45                                                                                                             ; |micropr_cpu|inc_reg:AC|Add0~45                                                                                                       ; out0             ;
; |micropr_cpu|inc_reg:AC|Add0~46                                                                                                             ; |micropr_cpu|inc_reg:AC|Add0~46                                                                                                       ; out0             ;
; |micropr_cpu|inc_reg:AC|Add0~47                                                                                                             ; |micropr_cpu|inc_reg:AC|Add0~47                                                                                                       ; out0             ;
; |micropr_cpu|inc_reg:AC|Add0~49                                                                                                             ; |micropr_cpu|inc_reg:AC|Add0~49                                                                                                       ; out0             ;
; |micropr_cpu|inc_reg:AC|Add0~51                                                                                                             ; |micropr_cpu|inc_reg:AC|Add0~51                                                                                                       ; out0             ;
; |micropr_cpu|inc_reg:AC|Add0~52                                                                                                             ; |micropr_cpu|inc_reg:AC|Add0~52                                                                                                       ; out0             ;
; |micropr_cpu|inc_reg:PC|Add0~33                                                                                                             ; |micropr_cpu|inc_reg:PC|Add0~33                                                                                                       ; out0             ;
; |micropr_cpu|inc_reg:PC|Add0~34                                                                                                             ; |micropr_cpu|inc_reg:PC|Add0~34                                                                                                       ; out0             ;
; |micropr_cpu|inc_reg:PC|Add0~35                                                                                                             ; |micropr_cpu|inc_reg:PC|Add0~35                                                                                                       ; out0             ;
; |micropr_cpu|inc_reg:PC|Add0~36                                                                                                             ; |micropr_cpu|inc_reg:PC|Add0~36                                                                                                       ; out0             ;
; |micropr_cpu|inc_reg:PC|Add0~37                                                                                                             ; |micropr_cpu|inc_reg:PC|Add0~37                                                                                                       ; out0             ;
; |micropr_cpu|inc_reg:PC|Add0~38                                                                                                             ; |micropr_cpu|inc_reg:PC|Add0~38                                                                                                       ; out0             ;
+---------------------------------------------------------------------------------------------------------------------------------------------+---------------------------------------------------------------------------------------------------------------------------------------+------------------+


+---------------------+
; Simulator INI Usage ;
+--------+------------+
; Option ; Usage      ;
+--------+------------+


+--------------------+
; Simulator Messages ;
+--------------------+
Info: *******************************************************************
Info: Running Quartus II 64-Bit Simulator
    Info: Version 7.2 Build 151 09/26/2007 SJ Full Version
    Info: Processing started: Mon Jan 25 18:24:18 2016
Info: Command: quartus_sim --read_settings_files=on --write_settings_files=off micropr_cpu -c micropr_cpu
Info: Using vector source file "D:/Quartus_Tests/askisi_7/vs_cpu_micropr_logic/micropr_cpu.vwf"
Info: Option to preserve fewer signal transitions to reduce memory requirements is enabled
    Info: Simulation has been partitioned into sub-simulations according to the maximum transition count determined by the engine. Transitions from memory will be flushed out to disk at the end of each sub-simulation to reduce memory requirements.
Info: Simulation partitioned into 1 sub-simulations
Info: Simulation coverage is      78.84 %
Info: Number of transitions in simulation is 2500
Info: Quartus II 64-Bit Simulator was successful. 0 errors, 0 warnings
    Info: Allocated 193 megabytes of memory during processing
    Info: Processing ended: Mon Jan 25 18:25:14 2016
    Info: Elapsed time: 00:00:56


